<div class="richframe-container" style="max-width: 100%; overflow-x: auto; -webkit-overflow-scrolling: touch; position: relative;">
<table class="richframe-table">
  <thead>
    <tr class="richframe-row richframe-row--header">
      <th id="rf-h0-0" scope="col" class="richframe-cell richframe-cell--header rf-66c1e8" style="background-color: #0f172a; color: #e2e8f0">Quarter</th>
      <th id="rf-h0-1" scope="col" class="richframe-cell richframe-cell--header rf-66c1e8" style="background-color: #0f172a; color: #e2e8f0">Region</th>
      <th id="rf-h0-2" scope="col" class="richframe-cell richframe-cell--header rf-66c1e8" style="background-color: #0f172a; color: #e2e8f0">Units</th>
      <th id="rf-h0-3" scope="col" class="richframe-cell richframe-cell--header rf-66c1e8" style="background-color: #0f172a; color: #e2e8f0">Growth</th>
    </tr>
  </thead>
  <tbody>
    <tr class="richframe-row richframe-row--body">
      <th id="rf-r0-idx0" scope="row" headers="rf-h0-0" class="richframe-cell richframe-cell--header">Q1</th>
      <td headers="rf-h0-1 rf-r0-idx0" class="richframe-cell richframe-cell--body">North</td>
      <td headers="rf-h0-2 rf-r0-idx0" class="richframe-cell richframe-cell--body">120</td>
      <td headers="rf-h0-3 rf-r0-idx0" class="richframe-cell richframe-cell--body rf-e634c3" style="background-color: #809ce7">12.0%</td>
    </tr>
    <tr class="richframe-row richframe-row--body">
      <th id="rf-r1-idx0" scope="row" headers="rf-h0-0" class="richframe-cell richframe-cell--header">Q2</th>
      <td headers="rf-h0-1 rf-r1-idx0" class="richframe-cell richframe-cell--body">South</td>
      <td headers="rf-h0-2 rf-r1-idx0" class="richframe-cell richframe-cell--body">85</td>
      <td headers="rf-h0-3 rf-r1-idx0" class="richframe-cell richframe-cell--body rf-66ecdc" style="background-color: #f1f5f9">-5.0%</td>
    </tr>
    <tr class="richframe-row richframe-row--body">
      <th id="rf-r2-idx0" scope="row" headers="rf-h0-0" class="richframe-cell richframe-cell--header">Q3</th>
      <td headers="rf-h0-1 rf-r2-idx0" class="richframe-cell richframe-cell--body">West</td>
      <td headers="rf-h0-2 rf-r2-idx0" class="richframe-cell richframe-cell--body">102</td>
      <td headers="rf-h0-3 rf-r2-idx0" class="richframe-cell richframe-cell--body rf-5138c5" style="background-color: #9bb1ec">8.0%</td>
    </tr>
    <tr class="richframe-row richframe-row--body rf-b3ff2d" style="background-color: #fef3c7">
      <th id="rf-r3-idx0" scope="row" headers="rf-h0-0" class="richframe-cell richframe-cell--header">Q4</th>
      <td headers="rf-h0-1 rf-r3-idx0" class="richframe-cell richframe-cell--body">East</td>
      <td headers="rf-h0-2 rf-r3-idx0" class="richframe-cell richframe-cell--body">150</td>
      <td headers="rf-h0-3 rf-r3-idx0" class="richframe-cell richframe-cell--body rf-d09493" style="background-color: #1d4ed8; color: #f8fafc">27.0%</td>
    </tr>
  </tbody>
</table>
</div>