<style>
.richframe-container {
  position: relative;
  max-width: 100%;
  overflow-x: auto;
  -webkit-overflow-scrolling: touch;
}
.richframe-table {
  width: min(100%, max-content);
  border-collapse: separate;
  border-spacing: 0;
}
.richframe-table--sticky-header thead th {
  position: sticky;
  top: 0;
  z-index: 3;
}
.richframe-cell--sticky {
  box-shadow: 1px 0 0 rgba(17, 24, 39, 0.08);
}
.richframe-row--zebra:nth-child(even) {
  background-color: inherit;
}
.rf-102c1d { background-color: #ffffff; border: 1px solid #d0d7de; border-collapse: collapse; color: #1f2328; font-family: 'Segoe UI', sans-serif; font-size: 14px }
.rf-acbf55 { background-color: #f6f8fa; border: 1px solid #d0d7de; color: #1f2328; font-weight: 600; padding: 8px 12px; text-align: left }
.rf-5b1400 { border: 1px solid #d0d7de; color: #1f2328; padding: 8px 12px }
</style>
<div class="richframe-container" style="max-width: 100%; overflow-x: auto; -webkit-overflow-scrolling: touch; position: relative;">
<table class="richframe-table rf-102c1d richframe-table--sticky-header">
  <thead>
    <tr class="richframe-row richframe-row--header">
      <th id="rf-h0-0" scope="col" class="richframe-cell richframe-cell--header rf-acbf55 richframe-cell--sticky" style="position: sticky; top: 0; z-index: 3; background: inherit; width: 110px; min-width: 110px; position: sticky; left: 0px; z-index: 2; background: inherit; box-shadow: 1px 0 0 rgba(17, 24, 39, 0.08)">Quarter</th>
      <th id="rf-h0-1" scope="col" class="richframe-cell richframe-cell--header rf-acbf55" style="position: sticky; top: 0; z-index: 3; background: inherit; width: 140px; min-width: 140px">Region</th>
      <th id="rf-h0-2" scope="col" class="richframe-cell richframe-cell--header rf-acbf55" style="position: sticky; top: 0; z-index: 3; background: inherit; text-align: right">Units</th>
      <th id="rf-h0-3" scope="col" class="richframe-cell richframe-cell--header rf-acbf55" style="position: sticky; top: 0; z-index: 3; background: inherit; text-align: right">Growth</th>
    </tr>
  </thead>
  <tbody>
    <tr class="richframe-row richframe-row--body">
      <th id="rf-r0-idx0" scope="row" headers="rf-h0-0" class="richframe-cell richframe-cell--header rf-5b1400 richframe-cell--sticky" style="position: sticky; top: 0; z-index: 3; background: inherit; width: 110px; min-width: 110px; position: sticky; left: 0px; z-index: 2; background: inherit; box-shadow: 1px 0 0 rgba(17, 24, 39, 0.08)">Q1</th>
      <td headers="rf-h0-1 rf-r0-idx0" class="richframe-cell richframe-cell--body rf-5b1400" style="width: 140px; min-width: 140px">North</td>
      <td headers="rf-h0-2 rf-r0-idx0" class="richframe-cell richframe-cell--body rf-5b1400" style="text-align: right">120</td>
      <td headers="rf-h0-3 rf-r0-idx0" class="richframe-cell richframe-cell--body rf-5b1400" style="text-align: right">12.5%</td>
    </tr>
    <tr class="richframe-row richframe-row--body richframe-row--zebra" style="background-color: rgba(0, 0, 0, 0.08)">
      <th id="rf-r1-idx0" scope="row" headers="rf-h0-0" class="richframe-cell richframe-cell--header rf-5b1400 richframe-cell--sticky" style="position: sticky; top: 0; z-index: 3; background: inherit; width: 110px; min-width: 110px; position: sticky; left: 0px; z-index: 2; background: inherit; box-shadow: 1px 0 0 rgba(17, 24, 39, 0.08)">Q2</th>
      <td headers="rf-h0-1 rf-r1-idx0" class="richframe-cell richframe-cell--body rf-5b1400" style="width: 140px; min-width: 140px">South</td>
      <td headers="rf-h0-2 rf-r1-idx0" class="richframe-cell richframe-cell--body rf-5b1400" style="text-align: right">85</td>
      <td headers="rf-h0-3 rf-r1-idx0" class="richframe-cell richframe-cell--body rf-5b1400" style="text-align: right">-4.5%</td>
    </tr>
    <tr class="richframe-row richframe-row--body">
      <th id="rf-r2-idx0" scope="row" headers="rf-h0-0" class="richframe-cell richframe-cell--header rf-5b1400 richframe-cell--sticky" style="position: sticky; top: 0; z-index: 3; background: inherit; width: 110px; min-width: 110px; position: sticky; left: 0px; z-index: 2; background: inherit; box-shadow: 1px 0 0 rgba(17, 24, 39, 0.08)">Q3</th>
      <td headers="rf-h0-1 rf-r2-idx0" class="richframe-cell richframe-cell--body rf-5b1400" style="width: 140px; min-width: 140px">West</td>
      <td headers="rf-h0-2 rf-r2-idx0" class="richframe-cell richframe-cell--body rf-5b1400" style="text-align: right">102</td>
      <td headers="rf-h0-3 rf-r2-idx0" class="richframe-cell richframe-cell--body rf-5b1400" style="text-align: right">8.1%</td>
    </tr>
  </tbody>
</table>
</div>